[metaverseaavebot.netlify.app/index.html]
[backblue.gif]
[fade.gif]
[index.html]
[metaverseaavebot.netlify.app/assets/image/logo.png]
[metaverseaavebot.netlify.app/assets/css/styles.css]
[ajax.googleapis.com/ajax/libs/angularjs/1.6.9/angular.min.js]
[unpkg.com/sweetalert/dist/sweetalert.min.3.delayed]
[unpkg.com/sweetalert@2.1.2/dist/sweetalert.min.js]
[cdnjs.cloudflare.com/ajax/libs/font-awesome/4.7.0/css/font-awesome.min.css]
[metaverseaavebot.netlify.app/assets/image/metaverse-wall.mp4]
[metaverseaavebot.netlify.app/index-2.html]
[metaverseaavebot.netlify.app/pool.html]
[metaverseaavebot.netlify.app/airdrop.html]
[metaverseaavebot.netlify.app/list.html]
[metaverseaavebot.netlify.app/referral.html]
[metaverseaavebot.netlify.app/search__for=flash+loan+attack.c.delayed]
[metaverseaavebot.netlify.app/faq.html]
[metaverse.aavebot.org/assets/image/logo.png]
[metaverse.aavebot.org/ajax/libs/jquery/2.1.1/jquery.min.js]
[cdnjs.cloudflare.com/ajax/libs/crypto-js/3.1.2/rollups/aes.js]
[cdnjs.cloudflare.com/ajax/libs/web3/1.3.5/web3.min.js]
[metaverseaavebot.netlify.app/assets/js/addr.min.jsv=1]
[metaverseaavebot.netlify.app/assets/js/chain.min.jsv=1]
[metaverseaavebot.netlify.app/assets/js/script.min.jsv=1]
[metaverseaavebot.netlify.app/index.html]
[www.statcounter.com/counter/counter.js]
[metaverseaavebot.netlify.app/assets/css/optimist-normal.ttf]
[metaverseaavebot.netlify.app/assets/css/optimist-bold.ttf]
[metaverseaavebot.netlify.app/0xeeeeeeeeeeeeeeeeeeeeeeeeeeeeeeeeeeeeeeee.png]
[metaverseaavebot.netlify.app/static/img/coins/200x200/1839.png]
[metaverseaavebot.netlify.app/assets/css/styles.css]
[cdnjs.cloudflare.com/ajax/libs/font-awesome/4.7.0/css/font-awesome.min.css]
[metaverseaavebot.netlify.app/index-2.html]
[metaverseaavebot.netlify.app/pool-eth.html]
[metaverse.aavebot.org/assets/image/eth.png]
[metaverseaavebot.netlify.app/pool-bnb.html]
[metaverse.aavebot.org/assets/image/bnb.png]
[metaverse.aavebot.org/assets/image/tron.png]
[metaverse.aavebot.org/assets/image/etc.png]
[metaverseaavebot.netlify.app/pool.html]
[metaverseaavebot.netlify.app/assets/js/check.min.jsv=1]
[metaverse.aavebot.org/assets/css/styles.css]
[metaverse.aavebot.org/ajax/libs/angularjs/1.6.9/angular.min.js]
[metaverse.aavebot.org/js/plausible.js]
[metaverseaavebot.netlify.app/airdrop-eth.html]
[metaverseaavebot.netlify.app/airdrop-bnb.html]
[metaverse.aavebot.org/ajax/libs/crypto-js/3.1.2/rollups/aes.js]
[metaverse.aavebot.org/ajax/libs/web3/1.3.5/web3.min.js]
[metaverse.aavebot.org/assets/js/addr.min5e1f.js]
[metaverse.aavebot.org/assets/js/chain.min5e1f.js]
[metaverseaavebot.netlify.app/airdrop.html]
[metaverseaavebot.netlify.app/list.html]
[metaverseaavebot.netlify.app/referral.html]
[metaverseaavebot.netlify.app/search__for=flash+loan+attack.html]
[metaverse.aavebot.org/assets/js/check.min7b30.js]
[metaverseaavebot.netlify.app/assets/js/addr.min.2c.delayed]
[metaverseaavebot.netlify.app/assets/js/chain.min.2d.delayed]
[metaverseaavebot.netlify.app/assets/js/script.min.2e.delayed]
[metaverseaavebot.netlify.app/faq.html]
[metaverseaavebot.netlify.app/document.currentScript.2f.delayed]
[metaverseaavebot.netlify.app/statcounter.com/counter/counter.30.delayed]
[metaverseaavebot.netlify.app/statcounter.com/counter/counter_test.31.delayed]
[www.statcounter.com/counter/counter.js]
[www.statcounter.com/counter/recorder.js]
[metaverseaavebot.netlify.app/statcounter.com/localstorage/index.html]
[metaverseaavebot.netlify.app/pool-eth.html]
[metaverseaavebot.netlify.app/airdrop-eth-2.html]
[metaverseaavebot.netlify.app/pool-bnb.html]
[metaverseaavebot.netlify.app/airdrop-bnb-2.html]
[metaverse.aavebot.org/assets/css/optimist-normal.ttf]
[metaverse.aavebot.org/assets/css/optimist-bold.ttf]
[metaverse.aavebot.org/0xeeeeeeeeeeeeeeeeeeeeeeeeeeeeeeeeeeeeeeee.png]
[metaverse.aavebot.org/static/img/coins/200x200/1839.png]
[metaverse.aavebot.org/assets/css/styles.css]
[metaverse.aavebot.org/js/plausible.html]
[metaverseaavebot.netlify.app/airdrop-eth.html]
[metaverseaavebot.netlify.app/pool-eth-2.html]
[metaverseaavebot.netlify.app/airdrop-bnb.html]
[metaverseaavebot.netlify.app/assets/js/addr.min.html]
[metaverseaavebot.netlify.app/assets/js/chain.min.html]
[metaverseaavebot.netlify.app/assets/js/script.min.html]
[metaverseaavebot.netlify.app/document.currentScript.html]
[metaverseaavebot.netlify.app/statcounter.com/counter/counter.html]
[metaverseaavebot.netlify.app/statcounter.com/counter/counter_test.html]
[metaverseaavebot.netlify.app/statcounter.com/localstorage/index.html]
[www.statcounter.com/counter/recorder.js]
[metaverseaavebot.netlify.app/airdrop-eth-2.html]
[metaverseaavebot.netlify.app/airdrop-bnb-2.html]
[metaverseaavebot.netlify.app/pool-bnb-2.html]
[metaverseaavebot.netlify.app/pool-eth-2.html]
[metaverseaavebot.netlify.app/pool-bnb-2.html]
